     VMA      LMA     Size Align Out     In      Symbol
       0        0        0     1 __data_start__ = ORIGIN(SRAM_CORE0_DATA)
       0        0    10000     1 . = __data_start__
   10000    10000       b8     4 .rodata
   10000    10000       2e     1         <internal>:(.rodata.str1.1)
   10030    10030       14     4         <internal>:(.rodata.cst4)
   10044    10044       74     4         autotests\common.o:(.rodata.printf)
   10044    10044        0     1                 $JTI7_0
   100b8    100b8        0     1 __bss_start = .
   100b8    100b8        8     4 .bss
   100b8    100b8        1     1         autotests\common.o:(.bss.sim_env_flag)
   100b8    100b8        1     1                 sim_env_flag
   100bc    100bc        4     4         autotests\common.o:(.bss.dbg_uart)
   100bc    100bc        4     1                 dbg_uart
   100c0    100c0        0     1 __data_end__ = .
  280000   280000       a0     1 .text.qxbootdebug
  280000   280000       98     1         device\startup.o:(.text.qxboot0debug)
  280000   280000        0     1                 .L0 
  280098   280098        8     1         . = ALIGN(0x10)
  2800a0   2800a0        0     1 __text_start__ = ORIGIN(SRAM_CORE0_INST)
  2800a0   2800a0 ffffffffffda7f60     1 . = __text_start__
   28000    28000     3940    16 .text
   28000    28000      e50     1         device\startup.o:(.text.interrupt.vector)
   28000    28000        0     1                 _int_entry_group0_0
   28000    28000        0     1                 .L0 
   28000    28000        0     1                 .L0 
   28010    28010        0     1                 _int_entry_group0_1
   28010    28010        0     1                 .L0 
   28020    28020        0     1                 _int_entry_group0_2
   28020    28020        0     1                 .L0 
   28030    28030        0     1                 _int_entry_group0_3
   28030    28030        0     1                 .L0 
   28040    28040        0     1                 _int_entry_group0_4
   28040    28040        0     1                 .L0 
   28050    28050        0     1                 _int_entry_group0_5
   28050    28050        0     1                 .L0 
   28060    28060        0     1                 _int_entry_group0_6
   28060    28060        0     1                 .L0 
   28070    28070        0     1                 _int_entry_group0_7
   28070    28070        0     1                 .L0 
   28080    28080        0     1                 _int_entry_group0_8
   28080    28080        0     1                 .L0 
   28090    28090        0     1                 _int_entry_group0_9
   28090    28090        0     1                 .L0 
   280a0    280a0        0     1                 _int_entry_group0_10
   280a0    280a0        0     1                 .L0 
   280b0    280b0        0     1                 _int_entry_group0_11
   280b0    280b0        0     1                 .L0 
   280c0    280c0        0     1                 _int_entry_group0_12
   280c0    280c0        0     1                 .L0 
   280d0    280d0        0     1                 _int_entry_group0_13
   280d0    280d0        0     1                 .L0 
   280e0    280e0        0     1                 _int_entry_group0_14
   280e0    280e0        0     1                 .L0 
   280f0    280f0        0     1                 _int_entry_group0_15
   280f0    280f0        0     1                 .L0 
   28100    28100        0     1                 _int_entry_group1_0
   28100    28100        0     1                 .L0 
   28110    28110        0     1                 _int_entry_group1_1
   28110    28110        0     1                 .L0 
   28120    28120        0     1                 _int_entry_group1_2
   28120    28120        0     1                 .L0 
   28130    28130        0     1                 _int_entry_group1_3
   28130    28130        0     1                 .L0 
   28140    28140        0     1                 _int_entry_group1_4
   28140    28140        0     1                 .L0 
   28150    28150        0     1                 _int_entry_group1_5
   28150    28150        0     1                 .L0 
   28160    28160        0     1                 _int_entry_group1_6
   28160    28160        0     1                 .L0 
   28170    28170        0     1                 _int_entry_group1_7
   28170    28170        0     1                 .L0 
   28180    28180        0     1                 _int_entry_group1_8
   28180    28180        0     1                 .L0 
   28190    28190        0     1                 _int_entry_group1_9
   28190    28190        0     1                 .L0 
   281a0    281a0        0     1                 _int_entry_group1_10
   281a0    281a0        0     1                 .L0 
   281b0    281b0        0     1                 _int_entry_group1_11
   281b0    281b0        0     1                 .L0 
   281c0    281c0        0     1                 _int_entry_group1_12
   281c0    281c0        0     1                 .L0 
   281d0    281d0        0     1                 _int_entry_group1_13
   281d0    281d0        0     1                 .L0 
   281e0    281e0        0     1                 _int_entry_group1_14
   281e0    281e0        0     1                 .L0 
   281f0    281f0        0     1                 _int_entry_group1_15
   281f0    281f0        0     1                 .L0 
   28200    28200        0     1                 _int_entry_group2_0
   28200    28200        0     1                 .L0 
   28210    28210        0     1                 _int_entry_group2_1
   28210    28210        0     1                 .L0 
   28220    28220        0     1                 _int_entry_group2_2
   28220    28220        0     1                 .L0 
   28230    28230        0     1                 _int_entry_group2_3
   28230    28230        0     1                 .L0 
   28240    28240        0     1                 _int_entry_group2_4
   28240    28240        0     1                 .L0 
   28250    28250        0     1                 _int_entry_group2_5
   28250    28250        0     1                 .L0 
   28260    28260        0     1                 _int_entry_group2_6
   28260    28260        0     1                 .L0 
   28270    28270        0     1                 _int_entry_group2_7
   28270    28270        0     1                 .L0 
   28280    28280        0     1                 _int_entry_group2_8
   28280    28280        0     1                 .L0 
   28290    28290        0     1                 _int_entry_group2_9
   28290    28290        0     1                 .L0 
   282a0    282a0        0     1                 _int_entry_group2_10
   282a0    282a0        0     1                 .L0 
   282b0    282b0        0     1                 _int_entry_group2_11
   282b0    282b0        0     1                 .L0 
   282c0    282c0        0     1                 _int_entry_group2_12
   282c0    282c0        0     1                 .L0 
   282d0    282d0        0     1                 _int_entry_group2_13
   282d0    282d0        0     1                 .L0 
   282e0    282e0        0     1                 _int_entry_group2_14
   282e0    282e0        0     1                 .L0 
   282f0    282f0        0     1                 _int_entry_group2_15
   282f0    282f0        0     1                 .L0 
   28300    28300        0     1                 _int_entry_group3_0
   28300    28300        0     1                 .L0 
   28310    28310        0     1                 _int_entry_group3_1
   28310    28310        0     1                 .L0 
   28320    28320        0     1                 _int_entry_group3_2
   28320    28320        0     1                 .L0 
   28330    28330        0     1                 _int_entry_group3_3
   28330    28330        0     1                 .L0 
   28340    28340        0     1                 _int_entry_group3_4
   28340    28340        0     1                 .L0 
   28350    28350        0     1                 _int_entry_group3_5
   28350    28350        0     1                 .L0 
   28360    28360        0     1                 _int_entry_group3_6
   28360    28360        0     1                 .L0 
   28370    28370        0     1                 _int_entry_group3_7
   28370    28370        0     1                 .L0 
   28380    28380        0     1                 _int_entry_group3_8
   28380    28380        0     1                 .L0 
   28390    28390        0     1                 _int_entry_group3_9
   28390    28390        0     1                 .L0 
   283a0    283a0        0     1                 _int_entry_group3_10
   283a0    283a0        0     1                 .L0 
   283b0    283b0        0     1                 _int_entry_group3_11
   283b0    283b0        0     1                 .L0 
   283c0    283c0        0     1                 _int_entry_group3_12
   283c0    283c0        0     1                 .L0 
   283d0    283d0        0     1                 _int_entry_group3_13
   283d0    283d0        0     1                 .L0 
   283e0    283e0        0     1                 _int_entry_group3_14
   283e0    283e0        0     1                 .L0 
   283f0    283f0        0     1                 _int_entry_group3_15
   283f0    283f0        0     1                 .L0 
   28400    28400        0     1                 .L0 
   28400    28400        0     1                 _dsp_start
   28500    28500        0     1                 _int_entry_group4_0
   28500    28500        0     1                 .L0 
   28510    28510        0     1                 _int_entry_group4_1
   28510    28510        0     1                 .L0 
   28520    28520        0     1                 _int_entry_group4_2
   28520    28520        0     1                 .L0 
   28530    28530        0     1                 _int_entry_group4_3
   28530    28530        0     1                 .L0 
   28540    28540        0     1                 _int_entry_group4_4
   28540    28540        0     1                 .L0 
   28550    28550        0     1                 _int_entry_group4_5
   28550    28550        0     1                 .L0 
   28560    28560        0     1                 _int_entry_group4_6
   28560    28560        0     1                 .L0 
   28570    28570        0     1                 _int_entry_group4_7
   28570    28570        0     1                 .L0 
   28580    28580        0     1                 _int_entry_group4_8
   28580    28580        0     1                 .L0 
   28590    28590        0     1                 _int_entry_group4_9
   28590    28590        0     1                 .L0 
   285a0    285a0        0     1                 _int_entry_group4_10
   285a0    285a0        0     1                 .L0 
   285b0    285b0        0     1                 _int_entry_group4_11
   285b0    285b0        0     1                 .L0 
   285c0    285c0        0     1                 _int_entry_group4_12
   285c0    285c0        0     1                 .L0 
   285d0    285d0        0     1                 _int_entry_group4_13
   285d0    285d0        0     1                 .L0 
   285e0    285e0        0     1                 _int_entry_group4_14
   285e0    285e0        0     1                 .L0 
   285f0    285f0        0     1                 _int_entry_group4_15
   285f0    285f0        0     1                 .L0 
   28600    28600        0     1                 _int_entry_group5_0
   28600    28600        0     1                 .L0 
   28610    28610        0     1                 _int_entry_group5_1
   28610    28610        0     1                 .L0 
   28620    28620        0     1                 _int_entry_group5_2
   28620    28620        0     1                 .L0 
   28630    28630        0     1                 _int_entry_group5_3
   28630    28630        0     1                 .L0 
   28640    28640        0     1                 _int_entry_group5_4
   28640    28640        0     1                 .L0 
   28650    28650        0     1                 _int_entry_group5_5
   28650    28650        0     1                 .L0 
   28660    28660        0     1                 _int_entry_group5_6
   28660    28660        0     1                 .L0 
   28670    28670        0     1                 _int_entry_group5_7
   28670    28670        0     1                 .L0 
   28680    28680        0     1                 _int_entry_group5_8
   28680    28680        0     1                 .L0 
   28690    28690        0     1                 _int_entry_group5_9
   28690    28690        0     1                 .L0 
   286a0    286a0        0     1                 _int_entry_group5_10
   286a0    286a0        0     1                 .L0 
   286b0    286b0        0     1                 _int_entry_group5_11
   286b0    286b0        0     1                 .L0 
   286c0    286c0        0     1                 _int_entry_group5_12
   286c0    286c0        0     1                 .L0 
   286d0    286d0        0     1                 _int_entry_group5_13
   286d0    286d0        0     1                 .L0 
   286e0    286e0        0     1                 _int_entry_group5_14
   286e0    286e0        0     1                 .L0 
   286f0    286f0        0     1                 _int_entry_group5_15
   286f0    286f0        0     1                 .L0 
   28700    28700        0     1                 _int_entry_group6_0
   28700    28700        0     1                 .L0 
   28710    28710        0     1                 _int_entry_group6_1
   28710    28710        0     1                 .L0 
   28720    28720        0     1                 _int_entry_group6_2
   28720    28720        0     1                 .L0 
   28730    28730        0     1                 _int_entry_group6_3
   28730    28730        0     1                 .L0 
   28740    28740        0     1                 _int_entry_group6_4
   28740    28740        0     1                 .L0 
   28750    28750        0     1                 _int_entry_group6_5
   28750    28750        0     1                 .L0 
   28760    28760        0     1                 _int_entry_group6_6
   28760    28760        0     1                 .L0 
   28770    28770        0     1                 _int_entry_group6_7
   28770    28770        0     1                 .L0 
   28780    28780        0     1                 _int_entry_group6_8
   28780    28780        0     1                 .L0 
   28790    28790        0     1                 _int_entry_group6_9
   28790    28790        0     1                 .L0 
   287a0    287a0        0     1                 _int_entry_group6_10
   287a0    287a0        0     1                 .L0 
   287b0    287b0        0     1                 _int_entry_group6_11
   287b0    287b0        0     1                 .L0 
   287c0    287c0        0     1                 _int_entry_group6_12
   287c0    287c0        0     1                 .L0 
   287d0    287d0        0     1                 _int_entry_group6_13
   287d0    287d0        0     1                 .L0 
   287e0    287e0        0     1                 _int_entry_group6_14
   287e0    287e0        0     1                 .L0 
   287f0    287f0        0     1                 _int_entry_group6_15
   287f0    287f0        0     1                 .L0 
   28800    28800        0     1                 _int_entry_group7_0
   28800    28800        0     1                 .L0 
   28810    28810        0     1                 _int_entry_group7_1
   28810    28810        0     1                 .L0 
   28820    28820        0     1                 _int_entry_group7_2
   28820    28820        0     1                 .L0 
   28830    28830        0     1                 _int_entry_group7_3
   28830    28830        0     1                 .L0 
   28840    28840        0     1                 _int_entry_group7_4
   28840    28840        0     1                 .L0 
   28850    28850        0     1                 _int_entry_group7_5
   28850    28850        0     1                 .L0 
   28860    28860        0     1                 _int_entry_group7_6
   28860    28860        0     1                 .L0 
   28870    28870        0     1                 _int_entry_group7_7
   28870    28870        0     1                 .L0 
   28880    28880        0     1                 _int_entry_group7_8
   28880    28880        0     1                 .L0 
   28890    28890        0     1                 _int_entry_group7_9
   28890    28890        0     1                 .L0 
   288a0    288a0        0     1                 _int_entry_group7_10
   288a0    288a0        0     1                 .L0 
   288b0    288b0        0     1                 _int_entry_group7_11
   288b0    288b0        0     1                 .L0 
   288c0    288c0        0     1                 _int_entry_group7_12
   288c0    288c0        0     1                 .L0 
   288d0    288d0        0     1                 _int_entry_group7_13
   288d0    288d0        0     1                 .L0 
   288e0    288e0        0     1                 _int_entry_group7_14
   288e0    288e0        0     1                 .L0 
   288f0    288f0        0     1                 _int_entry_group7_15
   288f0    288f0        0     1                 .L0 
   28900    28900        0     1                 _int_entry_group8_0
   28900    28900        0     1                 .L0 
   28910    28910        0     1                 _int_entry_group8_1
   28910    28910        0     1                 .L0 
   28920    28920        0     1                 _int_entry_group8_2
   28920    28920        0     1                 .L0 
   28930    28930        0     1                 _int_entry_group8_3
   28930    28930        0     1                 .L0 
   28940    28940        0     1                 _int_entry_group8_4
   28940    28940        0     1                 .L0 
   28950    28950        0     1                 _int_entry_group8_5
   28950    28950        0     1                 .L0 
   28960    28960        0     1                 _int_entry_group8_6
   28960    28960        0     1                 .L0 
   28970    28970        0     1                 _int_entry_group8_7
   28970    28970        0     1                 .L0 
   28980    28980        0     1                 _int_entry_group8_8
   28980    28980        0     1                 .L0 
   28990    28990        0     1                 _int_entry_group8_9
   28990    28990        0     1                 .L0 
   289a0    289a0        0     1                 _int_entry_group8_10
   289a0    289a0        0     1                 .L0 
   289b0    289b0        0     1                 _int_entry_group8_11
   289b0    289b0        0     1                 .L0 
   289c0    289c0        0     1                 _int_entry_group8_12
   289c0    289c0        0     1                 .L0 
   289d0    289d0        0     1                 _int_entry_group8_13
   289d0    289d0        0     1                 .L0 
   289e0    289e0        0     1                 _int_entry_group8_14
   289e0    289e0        0     1                 .L0 
   289f0    289f0        0     1                 _int_entry_group8_15
   289f0    289f0        0     1                 .L0 
   28a00    28a00        0     1                 _int_entry_group9_0
   28a00    28a00        0     1                 .L0 
   28a10    28a10        0     1                 _int_entry_group9_1
   28a10    28a10        0     1                 .L0 
   28a20    28a20        0     1                 _int_entry_group9_2
   28a20    28a20        0     1                 .L0 
   28a30    28a30        0     1                 _int_entry_group9_3
   28a30    28a30        0     1                 .L0 
   28a40    28a40        0     1                 _int_entry_group9_4
   28a40    28a40        0     1                 .L0 
   28a50    28a50        0     1                 _int_entry_group9_5
   28a50    28a50        0     1                 .L0 
   28a60    28a60        0     1                 _int_entry_group9_6
   28a60    28a60        0     1                 .L0 
   28a70    28a70        0     1                 _int_entry_group9_7
   28a70    28a70        0     1                 .L0 
   28a80    28a80        0     1                 _int_entry_group9_8
   28a80    28a80        0     1                 .L0 
   28a90    28a90        0     1                 _int_entry_group9_9
   28a90    28a90        0     1                 .L0 
   28aa0    28aa0        0     1                 _int_entry_group9_10
   28aa0    28aa0        0     1                 .L0 
   28ab0    28ab0        0     1                 _int_entry_group9_11
   28ab0    28ab0        0     1                 .L0 
   28ac0    28ac0        0     1                 _int_entry_group9_12
   28ac0    28ac0        0     1                 .L0 
   28ad0    28ad0        0     1                 _int_entry_group9_13
   28ad0    28ad0        0     1                 .L0 
   28ae0    28ae0        0     1                 _int_entry_group9_14
   28ae0    28ae0        0     1                 .L0 
   28af0    28af0        0     1                 _int_entry_group9_15
   28af0    28af0        0     1                 .L0 
   28b00    28b00        0     1                 _int_entry_group10_0
   28b00    28b00        0     1                 .L0 
   28b10    28b10        0     1                 _int_entry_group10_1
   28b10    28b10        0     1                 .L0 
   28b20    28b20        0     1                 _int_entry_group10_2
   28b20    28b20        0     1                 .L0 
   28b30    28b30        0     1                 _int_entry_group10_3
   28b30    28b30        0     1                 .L0 
   28b40    28b40        0     1                 _int_entry_group10_4
   28b40    28b40        0     1                 .L0 
   28b50    28b50        0     1                 _int_entry_group10_5
   28b50    28b50        0     1                 .L0 
   28b60    28b60        0     1                 _int_entry_group10_6
   28b60    28b60        0     1                 .L0 
   28b70    28b70        0     1                 _int_entry_group10_7
   28b70    28b70        0     1                 .L0 
   28b80    28b80        0     1                 _int_entry_group10_8
   28b80    28b80        0     1                 .L0 
   28b90    28b90        0     1                 _int_entry_group10_9
   28b90    28b90        0     1                 .L0 
   28ba0    28ba0        0     1                 _int_entry_group10_10
   28ba0    28ba0        0     1                 .L0 
   28bb0    28bb0        0     1                 _int_entry_group10_11
   28bb0    28bb0        0     1                 .L0 
   28bc0    28bc0        0     1                 _int_entry_group10_12
   28bc0    28bc0        0     1                 .L0 
   28bd0    28bd0        0     1                 _int_entry_group10_13
   28bd0    28bd0        0     1                 .L0 
   28be0    28be0        0     1                 _int_entry_group10_14
   28be0    28be0        0     1                 .L0 
   28bf0    28bf0        0     1                 _int_entry_group10_15
   28bf0    28bf0        0     1                 .L0 
   28c00    28c00        0     1                 _int_entry_group11_0
   28c00    28c00        0     1                 .L0 
   28c10    28c10        0     1                 _int_entry_group11_1
   28c10    28c10        0     1                 .L0 
   28c20    28c20        0     1                 _int_entry_group11_2
   28c20    28c20        0     1                 .L0 
   28c30    28c30        0     1                 _int_entry_group11_3
   28c30    28c30        0     1                 .L0 
   28c40    28c40        0     1                 _int_entry_group11_4
   28c40    28c40        0     1                 .L0 
   28c50    28c50        0     1                 _int_entry_group11_5
   28c50    28c50        0     1                 .L0 
   28c60    28c60        0     1                 _int_entry_group11_6
   28c60    28c60        0     1                 .L0 
   28c70    28c70        0     1                 _int_entry_group11_7
   28c70    28c70        0     1                 .L0 
   28c80    28c80        0     1                 _int_entry_group11_8
   28c80    28c80        0     1                 .L0 
   28c90    28c90        0     1                 _int_entry_group11_9
   28c90    28c90        0     1                 .L0 
   28ca0    28ca0        0     1                 _int_entry_group11_10
   28ca0    28ca0        0     1                 .L0 
   28cb0    28cb0        0     1                 _int_entry_group11_11
   28cb0    28cb0        0     1                 .L0 
   28cc0    28cc0        0     1                 _int_entry_group11_12
   28cc0    28cc0        0     1                 .L0 
   28cd0    28cd0        0     1                 _int_entry_group11_13
   28cd0    28cd0        0     1                 .L0 
   28ce0    28ce0        0     1                 _int_entry_group11_14
   28ce0    28ce0        0     1                 .L0 
   28cf0    28cf0        0     1                 _int_entry_group11_15
   28cf0    28cf0        0     1                 .L0 
   28d00    28d00        0     1                 _int_entry_group12_0
   28d00    28d00        0     1                 .L0 
   28d10    28d10        0     1                 _int_entry_group12_1
   28d10    28d10        0     1                 .L0 
   28d20    28d20        0     1                 _int_entry_group12_2
   28d20    28d20        0     1                 .L0 
   28d30    28d30        0     1                 _int_entry_group12_3
   28d30    28d30        0     1                 .L0 
   28d40    28d40        0     1                 _int_entry_group12_4
   28d40    28d40        0     1                 .L0 
   28d50    28d50        0     1                 _int_entry_group12_5
   28d50    28d50        0     1                 .L0 
   28d60    28d60        0     1                 _int_entry_group12_6
   28d60    28d60        0     1                 .L0 
   28d70    28d70        0     1                 _int_entry_group12_7
   28d70    28d70        0     1                 .L0 
   28d80    28d80        0     1                 _int_entry_group12_8
   28d80    28d80        0     1                 .L0 
   28d90    28d90        0     1                 _int_entry_group12_9
   28d90    28d90        0     1                 .L0 
   28da0    28da0        0     1                 _int_entry_group12_10
   28da0    28da0        0     1                 .L0 
   28db0    28db0        0     1                 _int_entry_group12_11
   28db0    28db0        0     1                 .L0 
   28dc0    28dc0        0     1                 _int_entry_group12_12
   28dc0    28dc0        0     1                 .L0 
   28dd0    28dd0        0     1                 _int_entry_group12_13
   28dd0    28dd0        0     1                 .L0 
   28de0    28de0        0     1                 _int_entry_group12_14
   28de0    28de0        0     1                 .L0 
   28df0    28df0        0     1                 _int_entry_group12_15
   28df0    28df0        0     1                 .L0 
   28e00    28e00        0     1                 _int_entry_group13_0
   28e00    28e00        0     1                 .L0 
   28e10    28e10        0     1                 _int_entry_group14_0
   28e10    28e10        0     1                 .L0 
   28e20    28e20        0     1                 _int_entry_group15_0
   28e20    28e20        0     1                 .L0 
   28e30    28e30        0     1                 _lb_padding_nops
   28e30    28e30        0     1                 .L0 
   28e40    28e40        0     1                 .L0 
   28e40    28e40        0     1                 interrupt_defaulthandler
   28e50    28e50      840     2         autotests\cla\subcommon.o:(.text.interrupt.routine)
   28e50    28e50        0     1                 .L0 
   28e50    28e50        0     1                 .L0 
   28e50    28e50        0     1                 .L0 
   28e50    28e50      108     1                 claint1ISR
   28f58    28f58        0     1                 .L0 
   28f58    28f58        0     1                 .L0 
   28f58    28f58        0     1                 .L0 
   28f58    28f58      108     1                 claint2ISR
   29060    29060        0     1                 .L0 
   29060    29060        0     1                 .L0 
   29060    29060        0     1                 .L0 
   29060    29060      108     1                 claint3ISR
   29168    29168        0     1                 .L0 
   29168    29168        0     1                 .L0 
   29168    29168        0     1                 .L0 
   29168    29168      108     1                 claint4ISR
   29270    29270        0     1                 .L0 
   29270    29270        0     1                 .L0 
   29270    29270        0     1                 .L0 
   29270    29270      108     1                 claint5ISR
   29378    29378        0     1                 .L0 
   29378    29378        0     1                 .L0 
   29378    29378        0     1                 .L0 
   29378    29378      108     1                 claint6ISR
   29480    29480        0     1                 .L0 
   29480    29480        0     1                 .L0 
   29480    29480        0     1                 .L0 
   29480    29480      108     1                 claint7ISR
   29588    29588        0     1                 .L0 
   29588    29588        0     1                 .L0 
   29588    29588        0     1                 .L0 
   29588    29588      108     1                 claint8ISR
   29690    29690        0     1                 .L0 
   29690    29690       90     2         device\driverlib\interrupt.o:(.text.interrupt.routine)
   29690    29690        0     1                 .L0 
   29690    29690        0     1                 .L0 
   29690    29690        0     1                 .L0 
   29690    29690       30     1                 Interrupt_defaultHandler
   296c0    296c0        0     1                 .L0 
   296c0    296c0        0     1                 .L0 
   296c0    296c0        0     1                 .L0 
   296c0    296c0       30     1                 Interrupt_illegalOperationHandler
   296f0    296f0        0     1                 .L0 
   296f0    296f0        0     1                 .L0 
   296f0    296f0        0     1                 .L0 
   296f0    296f0       30     1                 Interrupt_nmiHandler
   29720    29720        0     1                 .L0 
   29720    29720       fc     4         device\startup.o:(.text)
   29720    29720        0     1                 .L0 
   29720    29720        0     1                 .L0 
   29720    29720        0     1                 init_isrentry_base
   29730    29730        0     1                 _lb_func_init_bss
   29730    29730        0     1                 .L0 
   29748    29748        0     1                 _lb_assign_0_loop
   29748    29748        0     1                 .L0 
   2976c    2976c        0     1                 _lb_func_init_bss_end
   2976c    2976c        0     1                 .L0 
   29778    29778        0     1                 _dsp_call_main
   29778    29778        0     1                 .L0 
   297a8    297a8        0     1                 _main_exit_stay_nop
   297a8    297a8        0     1                 .L0 
   297b8    297b8        0     1                 .L0 
   297b8    297b8        0     1                 qx_precise_delay
   297e0    297e0        0     1                 .L0 
   297e0    297e0        0     1                 fast_interrupt_initvectortable
   297f0    297f0        0     1                 fast_ivecinit_loop
   297f0    297f0        0     1                 .L0 
   29820    29820      100    16         D:/QX-IDE_v1.8.2c_windows_x86_64/QX-IDE/plugins/QXTOOLS_1.0.0.202605130520/qxtools/toolchain/3slot_320f/libv2\libc.a(lib_a-strlen.o):(.text)
   29820    29820        0     1                 .L0 
   29820    29820        0     1                 .L0 
   29820    29820        0     1                 .L0 
   29820    29820      100     1                 strlen
   29920    29920       a4     4         D:/QX-IDE_v1.8.2c_windows_x86_64/QX-IDE/plugins/QXTOOLS_1.0.0.202605130520/qxtools/toolchain/3slot_320f/libv2\librt.a(fixunssfsi.o):(.text)
   29920    29920       a4     1                 __fixunssfsi
   299c4    299c4      144     4         D:/QX-IDE_v1.8.2c_windows_x86_64/QX-IDE/plugins/QXTOOLS_1.0.0.202605130520/qxtools/toolchain/3slot_320f/libv2\librt.a(floatunsisf.o):(.text)
   299c4    299c4      144     1                 __floatunsisf
   29b08    29b08      1b0     4         D:/QX-IDE_v1.8.2c_windows_x86_64/QX-IDE/plugins/QXTOOLS_1.0.0.202605130520/qxtools/toolchain/3slot_320f/libv2\librt.a(udivsi3.o):(.text)
   29b08    29b08      1b0     1                 __udivsi3
   29cb8    29cb8      1ac     4         D:/QX-IDE_v1.8.2c_windows_x86_64/QX-IDE/plugins/QXTOOLS_1.0.0.202605130520/qxtools/toolchain/3slot_320f/libv2\librt.a(umodsi3.o):(.text)
   29cb8    29cb8      1ac     1                 __umodsi3
   29e64    29e64       74     2         autotests\cla\bgtask_notinterrupt.o:(.text.bgtask_notinterrupt)
   29e64    29e64        0     1                 .L0 
   29e64    29e64        0     1                 .L0 
   29e64    29e64        0     1                 .L0 
   29e64    29e64       74     1                 bgtask_notinterrupt
   29ed8    29ed8        0     1                 .L0 
   29ed8    29ed8       68     2         autotests\cla\bgtask_notinterrupt.o:(.text.tests_core0)
   29ed8    29ed8        0     1                 .L0 
   29ed8    29ed8        0     1                 .L0 
   29ed8    29ed8        0     1                 .L0 
   29ed8    29ed8       68     1                 tests_core0
   29f40    29f40        0     1                 .L0 
   29f40    29f40       48     2         autotests\cla\bgtask_notinterrupt.o:(.text.SysCtl_enablePeripheral)
   29f40    29f40       48     1                 SysCtl_enablePeripheral
   29f40    29f40        0     1                 .L0 
   29f40    29f40        0     1                 .L0 
   29f40    29f40        0     1                 .L0 
   29f88    29f88        0     1                 .L0 
   29f88    29f88      1fc     2         autotests\cla\subcommon.o:(.text.cla_interrupt_init)
   29f88    29f88        0     1                 .L0 
   29f88    29f88        0     1                 .L0 
   29f88    29f88        0     1                 .L0 
   29f88    29f88      1fc     1                 cla_interrupt_init
   2a184    2a184        0     1                 .L0 
   2a184    2a184       44     2         autotests\cla\subcommon.o:(.text.Interrupt_register)
   2a184    2a184       44     1                 Interrupt_register
   2a184    2a184        0     1                 .L0 
   2a184    2a184        0     1                 .L0 
   2a184    2a184        0     1                 .L0 
   2a1c8    2a1c8        0     1                 .L0 
   2a1c8    2a1c8       40     2         autotests\cla\subcommon.o:(.text.cla1_ISR)
   2a1c8    2a1c8       40     1                 cla1_ISR
   2a1c8    2a1c8        0     1                 .L0 
   2a1c8    2a1c8        0     1                 .L0 
   2a1c8    2a1c8        0     1                 .L0 
   2a208    2a208        0     1                 .L0 
   2a208    2a208       40     2         autotests\cla\subcommon.o:(.text.cla2_ISR)
   2a208    2a208       40     1                 cla2_ISR
   2a208    2a208        0     1                 .L0 
   2a208    2a208        0     1                 .L0 
   2a208    2a208        0     1                 .L0 
   2a248    2a248        0     1                 .L0 
   2a248    2a248       40     2         autotests\cla\subcommon.o:(.text.cla3_ISR)
   2a248    2a248       40     1                 cla3_ISR
   2a248    2a248        0     1                 .L0 
   2a248    2a248        0     1                 .L0 
   2a248    2a248        0     1                 .L0 
   2a288    2a288        0     1                 .L0 
   2a288    2a288       58     2         autotests\cla\subcommon.o:(.text.cla4_ISR)
   2a288    2a288       58     1                 cla4_ISR
   2a288    2a288        0     1                 .L0 
   2a288    2a288        0     1                 .L0 
   2a288    2a288        0     1                 .L0 
   2a2e0    2a2e0        0     1                 .L0 
   2a2e0    2a2e0       40     2         autotests\cla\subcommon.o:(.text.cla5_ISR)
   2a2e0    2a2e0       40     1                 cla5_ISR
   2a2e0    2a2e0        0     1                 .L0 
   2a2e0    2a2e0        0     1                 .L0 
   2a2e0    2a2e0        0     1                 .L0 
   2a320    2a320        0     1                 .L0 
   2a320    2a320       40     2         autotests\cla\subcommon.o:(.text.cla6_ISR)
   2a320    2a320       40     1                 cla6_ISR
   2a320    2a320        0     1                 .L0 
   2a320    2a320        0     1                 .L0 
   2a320    2a320        0     1                 .L0 
   2a360    2a360        0     1                 .L0 
   2a360    2a360       40     2         autotests\cla\subcommon.o:(.text.cla7_ISR)
   2a360    2a360       40     1                 cla7_ISR
   2a360    2a360        0     1                 .L0 
   2a360    2a360        0     1                 .L0 
   2a360    2a360        0     1                 .L0 
   2a3a0    2a3a0        0     1                 .L0 
   2a3a0    2a3a0       40     2         autotests\cla\subcommon.o:(.text.cla8_ISR)
   2a3a0    2a3a0       40     1                 cla8_ISR
   2a3a0    2a3a0        0     1                 .L0 
   2a3a0    2a3a0        0     1                 .L0 
   2a3a0    2a3a0        0     1                 .L0 
   2a3e0    2a3e0        0     1                 .L0 
   2a3e0    2a3e0       10     2         autotests\common.o:(.text.chipAutotestCaseStart)
   2a3e0    2a3e0        0     1                 .L0 
   2a3e0    2a3e0        0     1                 .L0 
   2a3e0    2a3e0        0     1                 .L0 
   2a3e0    2a3e0       10     1                 chipAutotestCaseStart
   2a3f0    2a3f0        0     1                 .L0 
   2a3f0    2a3f0       10     2         autotests\common.o:(.text.chipAutotestCaseEnd)
   2a3f0    2a3f0        0     1                 .L0 
   2a3f0    2a3f0        0     1                 .L0 
   2a3f0    2a3f0        0     1                 .L0 
   2a3f0    2a3f0       10     1                 chipAutotestCaseEnd
   2a400    2a400        0     1                 .L0 
   2a400    2a400      188     2         autotests\common.o:(.text.StdOutInit)
   2a400    2a400        0     1                 .L0 
   2a400    2a400        0     1                 .L0 
   2a400    2a400        0     1                 .L0 
   2a400    2a400      188     1                 StdOutInit
   2a588    2a588        0     1                 .L0 
   2a588    2a588       40     2         autotests\common.o:(.text.EndSimulation)
   2a588    2a588        0     1                 .L0 
   2a588    2a588        0     1                 .L0 
   2a588    2a588        0     1                 .L0 
   2a588    2a588       40     1                 EndSimulation
   2a5c8    2a5c8        0     1                 .L0 
   2a5c8    2a5c8       80     2         autotests\common.o:(.text.putchar)
   2a5c8    2a5c8        0     1                 .L0 
   2a5c8    2a5c8        0     1                 .L0 
   2a5c8    2a5c8        0     1                 .L0 
   2a5c8    2a5c8       80     1                 putchar
   2a648    2a648        0     1                 .L0 
   2a648    2a648      748     2         autotests\common.o:(.text.printf)
   2a648    2a648        0     1                 .L0 
   2a648    2a648        0     1                 .L0 
   2a648    2a648        0     1                 .L0 
   2a648    2a648      748     1                 printf
   2a6e0    2a6e0        0     1                 .L0 
   2a708    2a708        0     1                 .L0 
   2acf0    2acf0        0     1                 .L0 
   2ad90    2ad90        0     1                 .L0 
   2ad90    2ad90       78     2         autotests\common.o:(.text.puts)
   2ad90    2ad90        0     1                 .L0 
   2ad90    2ad90        0     1                 .L0 
   2ad90    2ad90        0     1                 .L0 
   2ad90    2ad90       78     1                 puts
   2ae08    2ae08        0     1                 .L0 
   2ae08    2ae08       50     2         autotests\common.o:(.text.m_pow_n)
   2ae08    2ae08        0     1                 .L0 
   2ae08    2ae08        0     1                 .L0 
   2ae08    2ae08        0     1                 .L0 
   2ae08    2ae08       50     1                 m_pow_n
   2ae58    2ae58        0     1                 .L0 
   2ae58    2ae58       48     2         device\device.o:(.text.Device_init)
   2ae58    2ae58        0     1                 .L0 
   2ae58    2ae58        0     1                 .L0 
   2ae58    2ae58        0     1                 .L0 
   2ae58    2ae58       48     1                 Device_init
   2aea0    2aea0        0     1                 .L0 
   2aea0    2aea0       34     2         device\device.o:(.text.SysCtl_setLowSpeedClock)
   2aea0    2aea0       34     1                 SysCtl_setLowSpeedClock
   2aea0    2aea0        0     1                 .L0 
   2aea0    2aea0        0     1                 .L0 
   2aea0    2aea0        0     1                 .L0 
   2aed4    2aed4        0     1                 .L0 
   2aed4    2aed4       64     2         device\devicetrim.o:(.text.qxboot0debug.device_copytrim)
   2aed4    2aed4        0     1                 .L0 
   2aed4    2aed4        0     1                 .L0 
   2aed4    2aed4        0     1                 .L0 
   2aed4    2aed4       64     1                 device_copytrim
   2af38    2af38        0     1                 .L0 
   2af38    2af38       70     2         device\driverlib\gpio.o:(.text.GPIO_setDirectionMode)
   2af38    2af38        0     1                 .L0 
   2af38    2af38        0     1                 .L0 
   2af38    2af38        0     1                 .L0 
   2af38    2af38       70     1                 GPIO_setDirectionMode
   2afa8    2afa8        0     1                 .L0 
   2afa8    2afa8       f0     2         device\driverlib\gpio.o:(.text.GPIO_setPadConfig)
   2afa8    2afa8        0     1                 .L0 
   2afa8    2afa8        0     1                 .L0 
   2afa8    2afa8        0     1                 .L0 
   2afa8    2afa8       f0     1                 GPIO_setPadConfig
   2b098    2b098        0     1                 .L0 
   2b098    2b098       7c     2         device\driverlib\gpio.o:(.text.GPIO_setPinConfig)
   2b098    2b098        0     1                 .L0 
   2b098    2b098        0     1                 .L0 
   2b098    2b098        0     1                 .L0 
   2b098    2b098       7c     1                 GPIO_setPinConfig
   2b114    2b114        0     1                 .L0 
   2b114    2b114       50     2         device\driverlib\interrupt.o:(.text.Interrupt_initVectorTable)
   2b114    2b114        0     1                 .L0 
   2b114    2b114        0     1                 .L0 
   2b114    2b114        0     1                 .L0 
   2b114    2b114       50     1                 Interrupt_initVectorTable
   2b12c    2b12c        0     1                 .L0 
   2b158    2b158        0     1                 .L0 
   2b164    2b164        0     1                 .L0 
   2b164    2b164       7c     2         device\driverlib\interrupt.o:(.text.Interrupt_enable)
   2b164    2b164        0     1                 .L0 
   2b164    2b164        0     1                 .L0 
   2b164    2b164        0     1                 .L0 
   2b164    2b164       7c     1                 Interrupt_enable
   2b1e0    2b1e0        0     1                 .L0 
   2b1e0    2b1e0       24     2         device\driverlib\sysctl.o:(.text.SysCtl_isMCDClockFailureDetected)
   2b1e0    2b1e0       24     1                 SysCtl_isMCDClockFailureDetected
   2b1e0    2b1e0        0     1                 .L0 
   2b1e0    2b1e0        0     1                 .L0 
   2b1e0    2b1e0        0     1                 .L0 
   2b204    2b204        0     1                 .L0 
   2b204    2b204      398     2         device\driverlib\sysctl.o:(.text.SysCtl_setClock)
   2b204    2b204        0     1                 .L0 
   2b204    2b204        0     1                 .L0 
   2b204    2b204        0     1                 .L0 
   2b204    2b204      398     1                 SysCtl_setClock
   2b59c    2b59c        0     1                 .L0 
   2b59c    2b59c       2c     2         device\driverlib\sysctl.o:(.text.SysCtl_delay)
   2b59c    2b59c       2c     1                 SysCtl_delay
   2b59c    2b59c        0     1                 .L0 
   2b59c    2b59c        0     1                 .L0 
   2b59c    2b59c        0     1                 .L0 
   2b5c8    2b5c8        0     1                 .L0 
   2b5c8    2b5c8       bc     2         device\driverlib\sysctl.o:(.text.SysCtl_selectOscSource)
   2b5c8    2b5c8        0     1                 .L0 
   2b5c8    2b5c8        0     1                 .L0 
   2b5c8    2b5c8        0     1                 .L0 
   2b5c8    2b5c8       bc     1                 SysCtl_selectOscSource
   2b684    2b684        0     1                 .L0 
   2b684    2b684       38     2         device\driverlib\sysctl.o:(.text.SysCtl_setPLLSysClk)
   2b684    2b684       38     1                 SysCtl_setPLLSysClk
   2b684    2b684        0     1                 .L0 
   2b684    2b684        0     1                 .L0 
   2b684    2b684        0     1                 .L0 
   2b6bc    2b6bc        0     1                 .L0 
   2b6bc    2b6bc       88     2         device\driverlib\sysctl.o:(.text.SysCtl_selectXTAL)
   2b6bc    2b6bc        0     1                 .L0 
   2b6bc    2b6bc        0     1                 .L0 
   2b6bc    2b6bc        0     1                 .L0 
   2b6bc    2b6bc       88     1                 SysCtl_selectXTAL
   2b744    2b744        0     1                 .L0 
   2b744    2b744      124     2         device\driverlib\sysctl.o:(.text.SysCtl_pollX1Counter)
   2b744    2b744      124     1                 SysCtl_pollX1Counter
   2b744    2b744        0     1                 .L0 
   2b744    2b744        0     1                 .L0 
   2b744    2b744        0     1                 .L0 
   2b868    2b868        0     1                 .L0 
   2b868    2b868       d4     2         main.o:(.text.main)
   2b868    2b868        0     1                 .L0 
   2b868    2b868        0     1                 .L0 
   2b868    2b868        0     1                 .L0 
   2b868    2b868       d4     1                 main
   2b93c    2b93c        0     1                 .L0 
   2b93c    2b93c        4     1         . = ALIGN(0x10)
   2b940    2b940        0     1 __text_end__ = .
   2b940    2b940        0     1 __cla_data_start__ = ORIGIN(SRAM_CORE0_CLA_DATA)
   2b940    2b940 fffffffffffdc6c0     1 . = __cla_data_start__
    8000     8000        0     1 __cla_bss_start = .
    8000     8000        0     1 __cla_data_end__ = .
    8000     8000        0     1 __cla_text_start__ = ORIGIN(SRAM_CORE0_CLA_INST)
    8000     8000 ffffffffffff8000     1 . = __cla_text_start__
       0        0     6710     2 .cla.text
       0        0      10c     1         device\claivec.o:(.cla_text.interrupt.vector)
       0        0        0     1                 _cla_int_entry_group0_0
      10       10        0     1                 _cla_int_entry_group0_1
      20       20        0     1                 _cla_int_entry_group0_2
      30       30        0     1                 _cla_int_entry_group0_3
      40       40        0     1                 _cla_int_entry_group0_4
      50       50        0     1                 _cla_int_entry_group0_5
      60       60        0     1                 _cla_int_entry_group0_6
      70       70        0     1                 _cla_int_entry_group0_7
      80       80        0     1                 _cla_int_entry_group0_8
      90       90        0     1                 _cla_int_entry_group0_9
      a0       a0        0     1                 _cla_int_entry_group0_10
      b0       b0        0     1                 _cla_int_entry_group0_11
      c0       c0        0     1                 _cla_int_entry_group0_12
      d0       d0        0     1                 _cla_int_entry_group0_13
      e0       e0        0     1                 _cla_int_entry_group0_14
      f0       f0        0     1                 _cla_int_entry_group0_15
     100      100        0     1                 cla_interrupt_defaulthandler
     10c      10c      42c     2         cla_task.o:(.cla_text)
     10c      10c        0     1                 .L0 
     10c      10c        0     1                 .L0 
     10c      10c        0     1                 .L0 
     10c      10c       84     1                 Cla1Task1
     168      168        0     1                 .L0 
     170      170        0     1                 .L0 
     190      190        0     1                 .L0 
     190      190        0     1                 .L0 
     190      190        0     1                 .L0 
     190      190       90     1                 Cla1Task2
     220      220        0     1                 .L0 
     220      220        0     1                 .L0 
     220      220        0     1                 .L0 
     220      220       90     1                 Cla1Task3
     2b0      2b0        0     1                 .L0 
     2b0      2b0        0     1                 .L0 
     2b0      2b0        0     1                 .L0 
     2b0      2b0       90     1                 Cla1Task4
     340      340        0     1                 .L0 
     340      340        0     1                 .L0 
     340      340        0     1                 .L0 
     340      340       80     1                 Cla1Task5
     3c0      3c0        0     1                 .L0 
     3c0      3c0        0     1                 .L0 
     3c0      3c0        0     1                 .L0 
     3c0      3c0       8c     1                 Cla1Task6
     44c      44c        0     1                 .L0 
     44c      44c        0     1                 .L0 
     44c      44c        0     1                 .L0 
     44c      44c       8c     1                 Cla1Task7
     4d8      4d8        0     1                 .L0 
     4d8      4d8        0     1                 .L0 
     4d8      4d8        0     1                 .L0 
     4d8      4d8       60     1                 Cla1Task8
     538      538        0     1                 .L0 
     538      538     61d8     1         task8.o:(.cla_text)
     538      538        0     1                 main
     538      538        0     1                 task8
    6710     6710        0     1         . = ALIGN(0x10)
    6710     6710        0     1 __cla_text_end__ = .
  202000   202000        c     4 .cla.cpu2cla.data
  202000   202000        c     4         cla_task.o:(.cpu2cla_data)
  202000   202000        4     1                 tmp_data
  202004   202004        4     1                 tmp_fdata
  202008   202008        4     1                 fVal
  203000   203000       40     4 .cla.cla2cpu.data
  203000   203000       40     4         cla_task.o:(.cla2cpu_data)
  203000   203000        4     1                 cla_f1data
  203004   203004        4     1                 cla_f2data
  203008   203008        4     1                 cla_f3data
  20300c   20300c        4     1                 cla_f4data
  203010   203010        4     1                 cla_f5data
  203014   203014        4     1                 cla_f6data
  203018   203018        4     1                 cla_f7data
  20301c   20301c        4     1                 cla_data
  203020   203020        4     1                 cla_fdata
  203024   203024        4     1                 softinten
  203028   203028        4     1                 softintfrc
  20302c   20302c        4     1                 cla_f8data
  203030   203030        4     1                 cla_soften_data_addr0xe0
  203034   203034        4     1                 cla_soften_data_addr0x00
  203038   203038        4     1                 mvectbgrnd
  20303c   20303c        4     1                 fResult
  203040   203040        0     1 PIEVECTTABLE_BASE = ORIGIN(SRAM_CORE0_IVEC)
  203040   203040        0     1 PROVIDE(_DSP_STACK_TOP = ORIGIN(SRAM_CORE0_DATA) + LENGTH(SRAM_CORE0_DATA))
  203040   203040        0     1 PROVIDE(_CLA_STACK_TOP = ORIGIN(SRAM_CORE0_CLA_DATA) + LENGTH(SRAM_CORE0_CLA_DATA))
  203040   203040        0     1 PROVIDE(_core0_exp_start = (ORIGIN(SRAM_CORE0_INST) >> 15) & 0x3F)
  203040   203040        0     1 PROVIDE(_core1_exp_start = (ORIGIN(SRAM_CORE1_INST) >> 15) & 0x3F)
  203040   203040        0     1 PROVIDE(_core0_cla_exp_start = (ORIGIN(SRAM_CORE0_CLA_INST) >> 15) & 0x3F)
 1000000  1000000       50     4 AdcaResultRegsFile
 1000000  1000000       50     4         device\driverlib\globalvariabledefs.o:(AdcaResultRegsFile)
 1000000  1000000       50     1                 AdcaResultRegs
 1001000  1001000       50     4 AdcbResultRegsFile
 1001000  1001000       50     4         device\driverlib\globalvariabledefs.o:(AdcbResultRegsFile)
 1001000  1001000       50     1                 AdcbResultRegs
 1002000  1002000       50     4 AdccResultRegsFile
 1002000  1002000       50     4         device\driverlib\globalvariabledefs.o:(AdccResultRegsFile)
 1002000  1002000       50     1                 AdccResultRegs
 1003000  1003000       50     4 AdcdResultRegsFile
 1003000  1003000       50     4         device\driverlib\globalvariabledefs.o:(AdcdResultRegsFile)
 1003000  1003000       50     1                 AdcdResultRegs
 1004000  1004000       50     4 AdceResultRegsFile
 1004000  1004000       50     4         device\driverlib\globalvariabledefs.o:(AdceResultRegsFile)
 1004000  1004000       50     1                 AdceResultRegs
 1005000  1005000       50     4 AdcfResultRegsFile
 1005000  1005000       50     4         device\driverlib\globalvariabledefs.o:(AdcfResultRegsFile)
 1005000  1005000       50     1                 AdcfResultRegs
 1006000  1006000       50     4 AdcgResultRegsFile
 1006000  1006000       50     4         device\driverlib\globalvariabledefs.o:(AdcgResultRegsFile)
 1006000  1006000       50     1                 AdcgResultRegs
 1007000  1007000       50     4 AdchResultRegsFile
 1007000  1007000       50     4         device\driverlib\globalvariabledefs.o:(AdchResultRegsFile)
 1007000  1007000       50     1                 AdchResultRegs
 1079000  1079000       58     4 DcsmZ1RegsFile
 1079000  1079000       58     4         device\driverlib\globalvariabledefs.o:(DcsmZ1RegsFile)
 1079000  1079000       58     1                 DcsmZ1Regs
 107b000  107b000       58     4 DcsmZ2RegsFile
 107b000  107b000       58     4         device\driverlib\globalvariabledefs.o:(DcsmZ2RegsFile)
 107b000  107b000       58     1                 DcsmZ2Regs
 107a000  107a000        c     4 DcsmCommonRegsFile
 107a000  107a000        c     4         device\driverlib\globalvariabledefs.o:(DcsmCommonRegsFile)
 107a000  107a000        c     1                 DcsmCommonRegs
 1010000  1010000      200     4 EPwm1RegsFile
 1010000  1010000      200     4         device\driverlib\globalvariabledefs.o:(EPwm1RegsFile)
 1010000  1010000      200     1                 EPwm1Regs
 1011000  1011000      200     4 EPwm2RegsFile
 1011000  1011000      200     4         device\driverlib\globalvariabledefs.o:(EPwm2RegsFile)
 1011000  1011000      200     1                 EPwm2Regs
 1012000  1012000      200     4 EPwm3RegsFile
 1012000  1012000      200     4         device\driverlib\globalvariabledefs.o:(EPwm3RegsFile)
 1012000  1012000      200     1                 EPwm3Regs
 1013000  1013000      200     4 EPwm4RegsFile
 1013000  1013000      200     4         device\driverlib\globalvariabledefs.o:(EPwm4RegsFile)
 1013000  1013000      200     1                 EPwm4Regs
 1014000  1014000      200     4 EPwm5RegsFile
 1014000  1014000      200     4         device\driverlib\globalvariabledefs.o:(EPwm5RegsFile)
 1014000  1014000      200     1                 EPwm5Regs
 1015000  1015000      200     4 EPwm6RegsFile
 1015000  1015000      200     4         device\driverlib\globalvariabledefs.o:(EPwm6RegsFile)
 1015000  1015000      200     1                 EPwm6Regs
 1016000  1016000      200     4 EPwm7RegsFile
 1016000  1016000      200     4         device\driverlib\globalvariabledefs.o:(EPwm7RegsFile)
 1016000  1016000      200     1                 EPwm7Regs
 1017000  1017000      200     4 EPwm8RegsFile
 1017000  1017000      200     4         device\driverlib\globalvariabledefs.o:(EPwm8RegsFile)
 1017000  1017000      200     1                 EPwm8Regs
 1018000  1018000      200     4 EPwm9RegsFile
 1018000  1018000      200     4         device\driverlib\globalvariabledefs.o:(EPwm9RegsFile)
 1018000  1018000      200     1                 EPwm9Regs
 1019000  1019000      200     4 EPwm10RegsFile
 1019000  1019000      200     4         device\driverlib\globalvariabledefs.o:(EPwm10RegsFile)
 1019000  1019000      200     1                 EPwm10Regs
 101a000  101a000      200     4 EPwm11RegsFile
 101a000  101a000      200     4         device\driverlib\globalvariabledefs.o:(EPwm11RegsFile)
 101a000  101a000      200     1                 EPwm11Regs
 101b000  101b000      200     4 EPwm12RegsFile
 101b000  101b000      200     4         device\driverlib\globalvariabledefs.o:(EPwm12RegsFile)
 101b000  101b000      200     1                 EPwm12Regs
 101c000  101c000      200     4 EPwm13RegsFile
 101c000  101c000      200     4         device\driverlib\globalvariabledefs.o:(EPwm13RegsFile)
 101c000  101c000      200     1                 EPwm13Regs
 101c000  101c000      200     4 EPwm14RegsFile
 101c000  101c000      200     4         device\driverlib\globalvariabledefs.o:(EPwm14RegsFile)
 101c000  101c000      200     1                 EPwm14Regs
 101c000  101c000      200     4 EPwm15RegsFile
 101c000  101c000      200     4         device\driverlib\globalvariabledefs.o:(EPwm15RegsFile)
 101c000  101c000      200     1                 EPwm15Regs
 101c000  101c000      200     4 EPwm16RegsFile
 101c000  101c000      200     4         device\driverlib\globalvariabledefs.o:(EPwm16RegsFile)
 101c000  101c000      200     1                 EPwm16Regs
 101c000  101c000      200     4 EPwm17RegsFile
 101c000  101c000      200     4         device\driverlib\globalvariabledefs.o:(EPwm17RegsFile)
 101c000  101c000      200     1                 EPwm17Regs
 101c000  101c000      200     4 EPwm18RegsFile
 101c000  101c000      200     4         device\driverlib\globalvariabledefs.o:(EPwm18RegsFile)
 101c000  101c000      200     1                 EPwm18Regs
 102a000  102a000       44     4 EQep1RegsFile
 102a000  102a000       44     4         device\driverlib\globalvariabledefs.o:(EQep1RegsFile)
 102a000  102a000       44     1                 EQep1Regs
 102b000  102b000       44     4 EQep2RegsFile
 102b000  102b000       44     4         device\driverlib\globalvariabledefs.o:(EQep2RegsFile)
 102b000  102b000       44     1                 EQep2Regs
 102c000  102c000       44     4 EQep3RegsFile
 102c000  102c000       44     4         device\driverlib\globalvariabledefs.o:(EQep3RegsFile)
 102c000  102c000       44     1                 EQep3Regs
 102d000  102d000       44     4 EQep4RegsFile
 102d000  102d000       44     4         device\driverlib\globalvariabledefs.o:(EQep4RegsFile)
 102d000  102d000       44     1                 EQep4Regs
 102e000  102e000       44     4 EQep5RegsFile
 102e000  102e000       44     4         device\driverlib\globalvariabledefs.o:(EQep5RegsFile)
 102e000  102e000       44     1                 EQep5Regs
 102f000  102f000       44     4 EQep6RegsFile
 102f000  102f000       44     4         device\driverlib\globalvariabledefs.o:(EQep6RegsFile)
 102f000  102f000       44     1                 EQep6Regs
 1020000  1020000       30     4 ECap1RegsFile
 1020000  1020000       30     4         device\driverlib\globalvariabledefs.o:(ECap1RegsFile)
 1020000  1020000       30     1                 ECap1Regs
 1021000  1021000       30     4 ECap2RegsFile
 1021000  1021000       30     4         device\driverlib\globalvariabledefs.o:(ECap2RegsFile)
 1021000  1021000       30     1                 ECap2Regs
 1022000  1022000       30     4 ECap3RegsFile
 1022000  1022000       30     4         device\driverlib\globalvariabledefs.o:(ECap3RegsFile)
 1022000  1022000       30     1                 ECap3Regs
 1023000  1023000       30     4 ECap4RegsFile
 1023000  1023000       30     4         device\driverlib\globalvariabledefs.o:(ECap4RegsFile)
 1023000  1023000       30     1                 ECap4Regs
 1024000  1024000       30     4 ECap5RegsFile
 1024000  1024000       30     4         device\driverlib\globalvariabledefs.o:(ECap5RegsFile)
 1024000  1024000       30     1                 ECap5Regs
 1025000  1025000       30     4 ECap6RegsFile
 1025000  1025000       30     4         device\driverlib\globalvariabledefs.o:(ECap6RegsFile)
 1025000  1025000       30     1                 ECap6Regs
 1026000  1026000       30     4 ECap7RegsFile
 1026000  1026000       30     4         device\driverlib\globalvariabledefs.o:(ECap7RegsFile)
 1026000  1026000       30     1                 ECap7Regs
 1027000  1027000       4c     4 SFORegsFile
 1027000  1027000       4c     4         device\driverlib\globalvariabledefs.o:(SFORegsFile)
 1027000  1027000       4c     1                 SFORegs
 1027400  1027400       4c     4 SFOHHRRegsFile
 1027400  1027400       4c     4         device\driverlib\globalvariabledefs.o:(SFOHHRRegsFile)
 1027400  1027400       4c     1                 SFOHHRRegs
 1030000  1030000       54     4 Cmpss1RegsFile
 1030000  1030000       54     4         device\driverlib\globalvariabledefs.o:(Cmpss1RegsFile)
 1030000  1030000       54     1                 Cmpss1Regs
 1031000  1031000       54     4 Cmpss2RegsFile
 1031000  1031000       54     4         device\driverlib\globalvariabledefs.o:(Cmpss2RegsFile)
 1031000  1031000       54     1                 Cmpss2Regs
 1032000  1032000       54     4 Cmpss3RegsFile
 1032000  1032000       54     4         device\driverlib\globalvariabledefs.o:(Cmpss3RegsFile)
 1032000  1032000       54     1                 Cmpss3Regs
 1033000  1033000       54     4 Cmpss4RegsFile
 1033000  1033000       54     4         device\driverlib\globalvariabledefs.o:(Cmpss4RegsFile)
 1033000  1033000       54     1                 Cmpss4Regs
 1034000  1034000       54     4 Cmpss5RegsFile
 1034000  1034000       54     4         device\driverlib\globalvariabledefs.o:(Cmpss5RegsFile)
 1034000  1034000       54     1                 Cmpss5Regs
 1035000  1035000       54     4 Cmpss6RegsFile
 1035000  1035000       54     4         device\driverlib\globalvariabledefs.o:(Cmpss6RegsFile)
 1035000  1035000       54     1                 Cmpss6Regs
 1036000  1036000       54     4 Cmpss7RegsFile
 1036000  1036000       54     4         device\driverlib\globalvariabledefs.o:(Cmpss7RegsFile)
 1036000  1036000       54     1                 Cmpss7Regs
 1037000  1037000       54     4 Cmpss8RegsFile
 1037000  1037000       54     4         device\driverlib\globalvariabledefs.o:(Cmpss8RegsFile)
 1037000  1037000       54     1                 Cmpss8Regs
 1038000  1038000       54     4 Cmpss9RegsFile
 1038000  1038000       54     4         device\driverlib\globalvariabledefs.o:(Cmpss9RegsFile)
 1038000  1038000       54     1                 Cmpss9Regs
 1039000  1039000       54     4 Cmpss10RegsFile
 1039000  1039000       54     4         device\driverlib\globalvariabledefs.o:(Cmpss10RegsFile)
 1039000  1039000       54     1                 Cmpss10Regs
 103a000  103a000       54     4 Cmpss11RegsFile
 103a000  103a000       54     4         device\driverlib\globalvariabledefs.o:(Cmpss11RegsFile)
 103a000  103a000       54     1                 Cmpss11Regs
 103b000  103b000       1c     4 DacaRegsFile
 103b000  103b000       1c     4         device\driverlib\globalvariabledefs.o:(DacaRegsFile)
 103b000  103b000       1c     1                 DacaRegs
 103c000  103c000       1c     4 DaccRegsFile
 103c000  103c000       1c     4         device\driverlib\globalvariabledefs.o:(DaccRegsFile)
 103c000  103c000       1c     1                 DaccRegs
 1040000  1040000       30     4 SpiaRegsFile
 1040000  1040000       30     4         device\driverlib\globalvariabledefs.o:(SpiaRegsFile)
 1040000  1040000       30     1                 SpiaRegs
 1041000  1041000       30     4 SpibRegsFile
 1041000  1041000       30     4         device\driverlib\globalvariabledefs.o:(SpibRegsFile)
 1041000  1041000       30     1                 SpibRegs
 1042000  1042000       30     4 SpicRegsFile
 1042000  1042000       30     4         device\driverlib\globalvariabledefs.o:(SpicRegsFile)
 1042000  1042000       30     1                 SpicRegs
 1043000  1043000       30     4 SpidRegsFile
 1043000  1043000       30     4         device\driverlib\globalvariabledefs.o:(SpidRegsFile)
 1043000  1043000       30     1                 SpidRegs
 1044000  1044000       a0     4 Sdfm1RegsFile
 1044000  1044000       a0     4         device\driverlib\globalvariabledefs.o:(Sdfm1RegsFile)
 1044000  1044000       a0     1                 Sdfm1Regs
 1045000  1045000       a0     4 Sdfm2RegsFile
 1045000  1045000       a0     4         device\driverlib\globalvariabledefs.o:(Sdfm2RegsFile)
 1045000  1045000       a0     1                 Sdfm2Regs
 1046000  1046000       a0     4 Sdfm3RegsFile
 1046000  1046000       a0     4         device\driverlib\globalvariabledefs.o:(Sdfm3RegsFile)
 1046000  1046000       a0     1                 Sdfm3Regs
 1047000  1047000       a0     4 Sdfm4RegsFile
 1047000  1047000       a0     4         device\driverlib\globalvariabledefs.o:(Sdfm4RegsFile)
 1047000  1047000       a0     1                 Sdfm4Regs
 104a000  104a000      630     4 DmaRegsFile
 104a000  104a000      630     4         device\driverlib\globalvariabledefs.o:(DmaRegsFile)
 104a000  104a000      630     1                 DmaRegs
 1050000  1050000      244     4 AdcaRegsFile
 1050000  1050000      244     4         device\driverlib\globalvariabledefs.o:(AdcaRegsFile)
 1050000  1050000      244     1                 AdcaRegs
 1051000  1051000      244     4 AdcbRegsFile
 1051000  1051000      244     4         device\driverlib\globalvariabledefs.o:(AdcbRegsFile)
 1051000  1051000      244     1                 AdcbRegs
 1052000  1052000      244     4 AdccRegsFile
 1052000  1052000      244     4         device\driverlib\globalvariabledefs.o:(AdccRegsFile)
 1052000  1052000      244     1                 AdccRegs
 1053000  1053000      244     4 AdcdRegsFile
 1053000  1053000      244     4         device\driverlib\globalvariabledefs.o:(AdcdRegsFile)
 1053000  1053000      244     1                 AdcdRegs
 1054000  1054000      244     4 AdceRegsFile
 1054000  1054000      244     4         device\driverlib\globalvariabledefs.o:(AdceRegsFile)
 1054000  1054000      244     1                 AdceRegs
 1055000  1055000      244     4 AdcfRegsFile
 1055000  1055000      244     4         device\driverlib\globalvariabledefs.o:(AdcfRegsFile)
 1055000  1055000      244     1                 AdcfRegs
 1056000  1056000      244     4 AdcgRegsFile
 1056000  1056000      244     4         device\driverlib\globalvariabledefs.o:(AdcgRegsFile)
 1056000  1056000      244     1                 AdcgRegs
 1057000  1057000      244     4 AdchRegsFile
 1057000  1057000      244     4         device\driverlib\globalvariabledefs.o:(AdchRegsFile)
 1057000  1057000      244     1                 AdchRegs
 1061000  1061000       68     4 EPwmXbaraRegsFile
 1061000  1061000       68     4         device\driverlib\globalvariabledefs.o:(EPwmXbaraRegsFile)
 1061000  1061000       68     1                 EPwmXbaraRegs
 1062000  1062000       68     4 EPwmXbarbRegsFile
 1062000  1062000       68     4         device\driverlib\globalvariabledefs.o:(EPwmXbarbRegsFile)
 1062000  1062000       68     1                 EPwmXbarbRegs
 1060000  1060000       44     4 InputXbarRegsFile
 1060000  1060000       44     4         device\driverlib\globalvariabledefs.o:(InputXbarRegsFile)
 1060000  1060000       44     1                 InputXbarRegs
 1069000  1069000       20     4 XbarRegsFile
 1069000  1069000       20     4         device\driverlib\globalvariabledefs.o:(XbarRegsFile)
 1069000  1069000       20     1                 XbarRegs
 1064000  1064000       68     4 ClbXbarRegsFile
 1064000  1064000       68     4         device\driverlib\globalvariabledefs.o:(ClbXbarRegsFile)
 1064000  1064000       68     1                 ClbXbarRegs
 1066000  1066000       78     4 OutputXbarRegsFile
 1066000  1066000       78     4         device\driverlib\globalvariabledefs.o:(OutputXbarRegsFile)
 1066000  1066000       78     1                 OutputXbarRegs
 106b000  106b000      1d8     4 GpioCtrlRegsFile
 106b000  106b000      1d8     4         device\driverlib\globalvariabledefs.o:(GpioCtrlRegsFile)
 106b000  106b000      1d8     1                 GpioCtrlRegs
 1070000  1070000      1e0     4 DevCfgRegsFile
 1070000  1070000      1e0     4         device\driverlib\globalvariabledefs.o:(DevCfgRegsFile)
 1070000  1070000      1e0     1                 DevCfgRegs
 1070130  1070130       10     4 SyncSocRegsFile
 1070130  1070130       10     4         device\driverlib\globalvariabledefs.o:(SyncSocRegsFile)
 1070130  1070130       10     1                 SyncSocRegs
 1071000  1071000       78     4 ClkCfgRegsFile
 1071000  1071000       78     4         device\driverlib\globalvariabledefs.o:(ClkCfgRegsFile)
 1071000  1071000       78     1                 ClkCfgRegs
 1072000  1072000      100     4 CpuSysRegsFile
 1072000  1072000      100     4         device\driverlib\globalvariabledefs.o:(CpuSysRegsFile)
 1072000  1072000      100     1                 CpuSysRegs
 1073000  1073000       2c     4 AnalogSubsysRegsFile
 1073000  1073000       2c     4         device\driverlib\globalvariabledefs.o:(AnalogSubsysRegsFile)
 1073000  1073000       2c     1                 AnalogSubsysRegs
 107d000  107d000       30     4 NmiIntruptRegsFile
 107d000  107d000       30     4         device\driverlib\globalvariabledefs.o:(NmiIntruptRegsFile)
 107d000  107d000       30     1                 NmiIntruptRegs
 1080000  1080000       cc     4 CanaRegsFile
 1080000  1080000       cc     4         device\driverlib\globalvariabledefs.o:(CanaRegsFile)
 1080000  1080000       cc     1                 CanaRegs
 1081000  1081000       cc     4 CanbRegsFile
 1081000  1081000       cc     4         device\driverlib\globalvariabledefs.o:(CanbRegsFile)
 1081000  1081000       cc     1                 CanbRegs
 1082000  1082000       cc     4 CancRegsFile
 1082000  1082000       cc     4         device\driverlib\globalvariabledefs.o:(CancRegsFile)
 1082000  1082000       cc     1                 CancRegs
 1096000  1096000       40     4 SciaRegsFile
 1096000  1096000       40     4         device\driverlib\globalvariabledefs.o:(SciaRegsFile)
 1096000  1096000       40     1                 SciaRegs
 1097000  1097000       40     4 ScibRegsFile
 1097000  1097000       40     4         device\driverlib\globalvariabledefs.o:(ScibRegsFile)
 1097000  1097000       40     1                 ScibRegs
 108a000  108a000       44     4 I2caRegsFile
 108a000  108a000       44     4         device\driverlib\globalvariabledefs.o:(I2caRegsFile)
 108a000  108a000       44     1                 I2caRegs
 108b000  108b000       44     4 I2cbRegsFile
 108b000  108b000       44     4         device\driverlib\globalvariabledefs.o:(I2cbRegsFile)
 108b000  108b000       44     1                 I2cbRegs
 1090000  1090000       7c     4 Clb1LogicCfgRegsFile
 1090000  1090000       7c     4         device\driverlib\globalvariabledefs.o:(Clb1LogicCfgRegsFile)
 1090000  1090000       7c     1                 Clb1LogicCfgRegs
 1090100  1090100       80     4 Clb1LogicCtrlRegsFile
 1090100  1090100       80     4         device\driverlib\globalvariabledefs.o:(Clb1LogicCtrlRegsFile)
 1090100  1090100       80     1                 Clb1LogicCtrlRegs
 1090180  1090180      210     4 Clb1DataExchRegsFile
 1090180  1090180      210     4         device\driverlib\globalvariabledefs.o:(Clb1DataExchRegsFile)
 1090180  1090180      210     1                 Clb1DataExchRegs
 1091000  1091000       7c     4 Clb2LogicCfgRegsFile
 1091000  1091000       7c     4         device\driverlib\globalvariabledefs.o:(Clb2LogicCfgRegsFile)
 1091000  1091000       7c     1                 Clb2LogicCfgRegs
 1091100  1091100       80     4 Clb2LogicCtrlRegsFile
 1091100  1091100       80     4         device\driverlib\globalvariabledefs.o:(Clb2LogicCtrlRegsFile)
 1091100  1091100       80     1                 Clb2LogicCtrlRegs
 1091180  1091180      210     4 Clb2DataExchRegsFile
 1091180  1091180      210     4         device\driverlib\globalvariabledefs.o:(Clb2DataExchRegsFile)
 1091180  1091180      210     1                 Clb2DataExchRegs
 1092000  1092000       7c     4 Clb3LogicCfgRegsFile
 1092000  1092000       7c     4         device\driverlib\globalvariabledefs.o:(Clb3LogicCfgRegsFile)
 1092000  1092000       7c     1                 Clb3LogicCfgRegs
 1092100  1092100       80     4 Clb3LogicCtrlRegsFile
 1092100  1092100       80     4         device\driverlib\globalvariabledefs.o:(Clb3LogicCtrlRegsFile)
 1092100  1092100       80     1                 Clb3LogicCtrlRegs
 1092180  1092180      210     4 Clb3DataExchRegsFile
 1092180  1092180      210     4         device\driverlib\globalvariabledefs.o:(Clb3DataExchRegsFile)
 1092180  1092180      210     1                 Clb3DataExchRegs
 1093000  1093000       7c     4 Clb4LogicCfgRegsFile
 1093000  1093000       7c     4         device\driverlib\globalvariabledefs.o:(Clb4LogicCfgRegsFile)
 1093000  1093000       7c     1                 Clb4LogicCfgRegs
 1093100  1093100       80     4 Clb4LogicCtrlRegsFile
 1093100  1093100       80     4         device\driverlib\globalvariabledefs.o:(Clb4LogicCtrlRegsFile)
 1093100  1093100       80     1                 Clb4LogicCtrlRegs
 1093180  1093180      210     4 Clb4DataExchRegsFile
 1093180  1093180      210     4         device\driverlib\globalvariabledefs.o:(Clb4DataExchRegsFile)
 1093180  1093180      210     1                 Clb4DataExchRegs
 1094000  1094000       7c     4 Clb5LogicCfgRegsFile
 1094000  1094000       7c     4         device\driverlib\globalvariabledefs.o:(Clb5LogicCfgRegsFile)
 1094000  1094000       7c     1                 Clb5LogicCfgRegs
 1094100  1094100       80     4 Clb5LogicCtrlRegsFile
 1094100  1094100       80     4         device\driverlib\globalvariabledefs.o:(Clb5LogicCtrlRegsFile)
 1094100  1094100       80     1                 Clb5LogicCtrlRegs
 1094180  1094180      210     4 Clb5DataExchRegsFile
 1094180  1094180      210     4         device\driverlib\globalvariabledefs.o:(Clb5DataExchRegsFile)
 1094180  1094180      210     1                 Clb5DataExchRegs
 1095000  1095000       7c     4 Clb6LogicCfgRegsFile
 1095000  1095000       7c     4         device\driverlib\globalvariabledefs.o:(Clb6LogicCfgRegsFile)
 1095000  1095000       7c     1                 Clb6LogicCfgRegs
 1095100  1095100       80     4 Clb6LogicCtrlRegsFile
 1095100  1095100       80     4         device\driverlib\globalvariabledefs.o:(Clb6LogicCtrlRegsFile)
 1095100  1095100       80     1                 Clb6LogicCtrlRegs
 1095180  1095180      210     4 Clb6DataExchRegsFile
 1095180  1095180      210     4         device\driverlib\globalvariabledefs.o:(Clb6DataExchRegsFile)
 1095180  1095180      210     1                 Clb6DataExchRegs
  200000   200000      120     4 Cpu1toCpu2IpcRegsFile
  200000   200000      120     4         device\driverlib\globalvariabledefs.o:(Cpu1toCpu2IpcRegsFile)
  200000   200000      120     1                 Cpu1toCpu2IpcRegs
  201000   201000      120     4 Cpu1toCla1IpcRegsFile
  201000   201000      120     4         device\driverlib\globalvariabledefs.o:(Cpu1toCla1IpcRegsFile)
  201000   201000      120     1                 Cpu1toCla1IpcRegs
  202000   202000      120     4 Cla1toCpu1IpcRegsFile
  202000   202000      120     4         device\driverlib\globalvariabledefs.o:(Cla1toCpu1IpcRegsFile)
  202000   202000      120     1                 Cla1toCpu1IpcRegs
  203000   203000      120     4 Cpu2toCpu1IpcRegsFile
  203000   203000      120     4         device\driverlib\globalvariabledefs.o:(Cpu2toCpu1IpcRegsFile)
  203000   203000      120     1                 Cpu2toCpu1IpcRegs
  204000   204000      120     4 Cpu2toCla2IpcRegsFile
  204000   204000      120     4         device\driverlib\globalvariabledefs.o:(Cpu2toCla2IpcRegsFile)
  204000   204000      120     1                 Cpu2toCla2IpcRegs
  205000   205000      120     4 Cla2toCpu2IpcRegsFile
  205000   205000      120     4         device\driverlib\globalvariabledefs.o:(Cla2toCpu2IpcRegsFile)
  205000   205000      120     1                 Cla2toCpu2IpcRegs
 10a0000  10a0000        c     4 Flash0CtrlRegsFile
 10a0000  10a0000        c     4         device\driverlib\globalvariabledefs.o:(Flash0CtrlRegsFile)
 10a0000  10a0000        c     1                 Flash0CtrlRegs
 100c000  100c000       60     4 GpioDataRegsFile
 100c000  100c000       60     4         device\driverlib\globalvariabledefs.o:(GpioDataRegsFile)
 100c000  100c000       60     1                 GpioDataRegs
  7f0100   7f0100       6c     4 PieCtrlRegsFile
  7f0100   7f0100       6c     4         device\driverlib\globalvariabledefs.o:(PieCtrlRegsFile)
  7f0100   7f0100       6c     1                 PieCtrlRegs
  7f0300   7f0300       14     4 CpuTimer0RegsFile
  7f0300   7f0300       14     4         device\driverlib\globalvariabledefs.o:(CpuTimer0RegsFile)
  7f0300   7f0300       14     1                 CpuTimer0Regs
  7f0320   7f0320       14     4 CpuTimer1RegsFile
  7f0320   7f0320       14     4         device\driverlib\globalvariabledefs.o:(CpuTimer1RegsFile)
  7f0320   7f0320       14     1                 CpuTimer1Regs
  7f0340   7f0340       14     4 CpuTimer2RegsFile
  7f0340   7f0340       14     4         device\driverlib\globalvariabledefs.o:(CpuTimer2RegsFile)
  7f0340   7f0340       14     1                 CpuTimer2Regs
  7f0700   7f0700       24     4 ExpRegsFile
  7f0700   7f0700       24     4         device\driverlib\globalvariabledefs.o:(ExpRegsFile)
  7f0700   7f0700       24     1                 ExpRegs
  7f0800   7f0800       14     4 WdRegsFile
  7f0800   7f0800       14     4         device\driverlib\globalvariabledefs.o:(WdRegsFile)
  7f0800   7f0800       14     1                 WdRegs
  7f0e00   7f0e00        c     4 EccRegsFile
  7f0e00   7f0e00        c     4         device\driverlib\globalvariabledefs.o:(EccRegsFile)
  7f0e00   7f0e00        c     1                 EccRegs
  7f1c00   7f1c00       44     4 Cla1RegsFile
  7f1c00   7f1c00       44     4         device\driverlib\globalvariabledefs.o:(Cla1RegsFile)
  7f1c00   7f1c00       44     1                 Cla1Regs
       0        0       38     1 .debug_aranges
[...]
    35b2     35b2        0     1                 .L0 
    35e3     35e3        0     1                 .L0 
    3614     3614        0     1                 .L0 
    3645     3645        0     1                 .L0 
    366b     366b        0     1                 .L0 
    3691     3691        0     1                 .L0 
    36b7     36b7        0     1                 .L0 
    36fe     36fe        0     1                 .L0 
    3745     3745        0     1                 .L0 
    3797     3797        0     1                 .L0 
    37c8     37c8        0     1                 .L0 
    37f9     37f9        0     1                 .L0 
    382a     382a        0     1                 .L0 
    3850     3850        0     1                 .L0 
    3876     3876        0     1                 .L0 
    389c     389c        0     1                 .L0 
    38c2     38c2        0     1                 .L0 
    38e8     38e8      33f     1         device\driverlib\sci.o:(.debug_loc)
    38e8     38e8        0     1                 .L0 
    390e     390e        0     1                 .L0 
    393f     393f        0     1                 .L0 
    3965     3965        0     1                 .L0 
    398b     398b        0     1                 .L0 
    39a6     39a6        0     1                 .L0 
    39cc     39cc        0     1                 .L0 
    39f2     39f2        0     1                 .L0 
    3a18     3a18        0     1                 .L0 
    3a49     3a49        0     1                 .L0 
    3a6f     3a6f        0     1                 .L0 
    3a95     3a95        0     1                 .L0 
    3abb     3abb        0     1                 .L0 
    3aec     3aec        0     1                 .L0 
    3b07     3b07        0     1                 .L0 
    3b43     3b43        0     1                 .L0 
    3b69     3b69        0     1                 .L0 
    3b8f     3b8f        0     1                 .L0 
    3bb5     3bb5        0     1                 .L0 
    3bdb     3bdb        0     1                 .L0 
    3c0c     3c0c        0     1                 .L0 
    3c27     3c27      4a6     1         device\driverlib\sdfm.o:(.debug_loc)
    3c27     3c27        0     1                 .L0 
    3c4d     3c4d        0     1                 .L0 
    3c68     3c68        0     1                 .L0 
    3c8e     3c8e        0     1                 .L0 
    3cb4     3cb4        0     1                 .L0 
    3ccf     3ccf        0     1                 .L0 
    3cea     3cea        0     1                 .L0 
    3d05     3d05        0     1                 .L0 
    3d20     3d20        0     1                 .L0 
    3d3b     3d3b        0     1                 .L0 
    3d56     3d56        0     1                 .L0 
    3d71     3d71        0     1                 .L0 
    3d8c     3d8c        0     1                 .L0 
    3da7     3da7        0     1                 .L0 
    3dcd     3dcd        0     1                 .L0 
    3de8     3de8        0     1                 .L0 
    3e0e     3e0e        0     1                 .L0 
    3e29     3e29        0     1                 .L0 
    3e44     3e44        0     1                 .L0 
    3e5f     3e5f        0     1                 .L0 
    3e7a     3e7a        0     1                 .L0 
    3e95     3e95        0     1                 .L0 
    3eb0     3eb0        0     1                 .L0 
    3ecb     3ecb        0     1                 .L0 
    3ee6     3ee6        0     1                 .L0 
    3f01     3f01        0     1                 .L0 
    3f1c     3f1c        0     1                 .L0 
    3f37     3f37        0     1                 .L0 
    3f5d     3f5d        0     1                 .L0 
    3f78     3f78        0     1                 .L0 
    3f9e     3f9e        0     1                 .L0 
    3fb9     3fb9        0     1                 .L0 
    3fd4     3fd4        0     1                 .L0 
    3fef     3fef        0     1                 .L0 
    4015     4015        0     1                 .L0 
    4030     4030        0     1                 .L0 
    4056     4056        0     1                 .L0 
    4071     4071        0     1                 .L0 
    4097     4097        0     1                 .L0 
    40b2     40b2        0     1                 .L0 
    40cd     40cd      6ef     1         device\driverlib\spi.o:(.debug_loc)
    40cd     40cd        0     1                 .L0 
    40e8     40e8        0     1                 .L0 
    410e     410e        0     1                 .L0 
    4129     4129        0     1                 .L0 
    4144     4144        0     1                 .L0 
    4160     4160        0     1                 .L0 
    417b     417b        0     1                 .L0 
    4196     4196        0     1                 .L0 
    41bc     41bc        0     1                 .L0 
    41e2     41e2        0     1                 .L0 
    4208     4208        0     1                 .L0 
    4223     4223        0     1                 .L0 
    423e     423e        0     1                 .L0 
    426f     426f        0     1                 .L0 
    4295     4295        0     1                 .L0 
    42b0     42b0        0     1                 .L0 
    42cb     42cb        0     1                 .L0 
    42e6     42e6        0     1                 .L0 
    430c     430c        0     1                 .L0 
    4333     4333        0     1                 .L0 
    435a     435a        0     1                 .L0 
    4380     4380        0     1                 .L0 
    439b     439b        0     1                 .L0 
    43c1     43c1        0     1                 .L0 
    43fd     43fd        0     1                 .L0 
    4423     4423        0     1                 .L0 
    4449     4449        0     1                 .L0 
    446f     446f        0     1                 .L0 
    4495     4495        0     1                 .L0 
    44bb     44bb        0     1                 .L0 
    44d6     44d6        0     1                 .L0 
    44f1     44f1        0     1                 .L0 
    450c     450c        0     1                 .L0 
    453d     453d        0     1                 .L0 
    4558     4558        0     1                 .L0 
    457e     457e        0     1                 .L0 
    4599     4599        0     1                 .L0 
    45b4     45b4        0     1                 .L0 
    45da     45da        0     1                 .L0 
    4600     4600        0     1                 .L0 
    461b     461b        0     1                 .L0 
    4641     4641        0     1                 .L0 
    465c     465c        0     1                 .L0 
    4677     4677        0     1                 .L0 
    469d     469d        0     1                 .L0 
    46b8     46b8        0     1                 .L0 
    46d3     46d3        0     1                 .L0 
    46ee     46ee        0     1                 .L0 
    471f     471f        0     1                 .L0 
    473a     473a        0     1                 .L0 
    4760     4760        0     1                 .L0 
    477b     477b        0     1                 .L0 
    4796     4796        0     1                 .L0 
    47bc     47bc      6d0     1         device\driverlib\sysctl.o:(.debug_loc)
    47bc     47bc        0     1                 .L0 
    47e2     47e2        0     1                 .L0 
    4808     4808        0     1                 .L0 
    4823     4823        0     1                 .L0 
    4849     4849        0     1                 .L0 
    4864     4864        0     1                 .L0 
    487f     487f        0     1                 .L0 
    48dc     48dc        0     1                 .L0 
    48f7     48f7        0     1                 .L0 
    491d     491d        0     1                 .L0 
    4943     4943        0     1                 .L0 
    4969     4969        0     1                 .L0 
    4984     4984        0     1                 .L0 
    49aa     49aa        0     1                 .L0 
    49d0     49d0        0     1                 .L0 
    49ec     49ec        0     1                 .L0 
    4a07     4a07        0     1                 .L0 
    4a22     4a22        0     1                 .L0 
    4a3d     4a3d        0     1                 .L0 
    4a58     4a58        0     1                 .L0 
    4a89     4a89        0     1                 .L0 
    4aa4     4aa4        0     1                 .L0 
    4aca     4aca        0     1                 .L0 
    4b11     4b11        0     1                 .L0 
    4b37     4b37        0     1                 .L0 
    4b68     4b68        0     1                 .L0 
    4b83     4b83        0     1                 .L0 
    4ba9     4ba9        0     1                 .L0 
    4bd1     4bd1        0     1                 .L0 
    4c02     4c02        0     1                 .L0 
    4c1d     4c1d        0     1                 .L0 
    4c38     4c38        0     1                 .L0 
    4c53     4c53        0     1                 .L0 
    4c79     4c79        0     1                 .L0 
    4caa     4caa        0     1                 .L0 
    4cd0     4cd0        0     1                 .L0 
    4ceb     4ceb        0     1                 .L0 
    4d06     4d06        0     1                 .L0 
    4d2c     4d2c        0     1                 .L0 
    4d47     4d47        0     1                 .L0 
    4d83     4d83        0     1                 .L0 
    4d9e     4d9e        0     1                 .L0 
    4db9     4db9        0     1                 .L0 
    4ddf     4ddf        0     1                 .L0 
    4dfa     4dfa        0     1                 .L0 
    4e15     4e15        0     1                 .L0 
    4e30     4e30        0     1                 .L0 
    4e4b     4e4b        0     1                 .L0 
    4e66     4e66        0     1                 .L0 
    4e8c     4e8c       f9     1         device\driverlib\upp.o:(.debug_loc)
    4e8c     4e8c        0     1                 .L0 
    4ea7     4ea7        0     1                 .L0 
    4ec2     4ec2        0     1                 .L0 
    4ee8     4ee8        0     1                 .L0 
    4f03     4f03        0     1                 .L0 
    4f1e     4f1e        0     1                 .L0 
    4f39     4f39        0     1                 .L0 
    4f5f     4f5f        0     1                 .L0 
    4f85     4f85      9ec     1         device\driverlib\usb.o:(.debug_loc)
    4f85     4f85        0     1                 .L0 
    4fa0     4fa0        0     1                 .L0 
    4fbb     4fbb        0     1                 .L0 
    4fec     4fec        0     1                 .L0 
    5007     5007        0     1                 .L0 
    5022     5022        0     1                 .L0 
    503d     503d        0     1                 .L0 
    5058     5058        0     1                 .L0 
    5073     5073        0     1                 .L0 
    508e     508e        0     1                 .L0 
    50b4     50b4        0     1                 .L0 
    50da     50da        0     1                 .L0 
    50f5     50f5        0     1                 .L0 
    511b     511b        0     1                 .L0 
    5136     5136        0     1                 .L0 
    5151     5151        0     1                 .L0 
    5177     5177        0     1                 .L0 
    519d     519d        0     1                 .L0 
    51ce     51ce        0     1                 .L0 
    51f4     51f4        0     1                 .L0 
    5225     5225        0     1                 .L0 
    524b     524b        0     1                 .L0 
    5271     5271        0     1                 .L0 
    52a2     52a2        0     1                 .L0 
    52c8     52c8        0     1                 .L0 
    535c     535c        0     1                 .L0 
    5382     5382        0     1                 .L0 
    53a8     53a8        0     1                 .L0 
    53ce     53ce        0     1                 .L0 
    540a     540a        0     1                 .L0 
    5430     5430        0     1                 .L0 
    5456     5456        0     1                 .L0 
    547c     547c        0     1                 .L0 
    54a2     54a2        0     1                 .L0 
    54c8     54c8        0     1                 .L0 
    54e4     54e4        0     1                 .L0 
    54ff     54ff        0     1                 .L0 
    5525     5525        0     1                 .L0 
    554b     554b        0     1                 .L0 
    5571     5571        0     1                 .L0 
    5597     5597        0     1                 .L0 
    55b3     55b3        0     1                 .L0 
    55ce     55ce        0     1                 .L0 
    55e9     55e9        0     1                 .L0 
    560f     560f        0     1                 .L0 
    5635     5635        0     1                 .L0 
    5650     5650        0     1                 .L0 
    5676     5676        0     1                 .L0 
    569c     569c        0     1                 .L0 
    56b7     56b7        0     1                 .L0 
    56dd     56dd        0     1                 .L0 
    5703     5703        0     1                 .L0 
    571e     571e        0     1                 .L0 
    5739     5739        0     1                 .L0 
    5754     5754        0     1                 .L0 
    577a     577a        0     1                 .L0 
    57a0     57a0        0     1                 .L0 
    57bb     57bb        0     1                 .L0 
    57e1     57e1        0     1                 .L0 
    57fc     57fc        0     1                 .L0 
    5817     5817        0     1                 .L0 
    5832     5832        0     1                 .L0 
    5858     5858        0     1                 .L0 
    5873     5873        0     1                 .L0 
    588e     588e        0     1                 .L0 
    58a9     58a9        0     1                 .L0 
    58c4     58c4        0     1                 .L0 
    58df     58df        0     1                 .L0 
    58fa     58fa        0     1                 .L0 
    5915     5915        0     1                 .L0 
    5930     5930        0     1                 .L0 
    594b     594b        0     1                 .L0 
    5971     5971      37e     1         device\driverlib\xbar.o:(.debug_loc)
    5971     5971        0     1                 .L0 
    598c     598c        0     1                 .L0 
    59a7     59a7        0     1                 .L0 
    59c2     59c2        0     1                 .L0 
    59dd     59dd        0     1                 .L0 
    59f8     59f8        0     1                 .L0 
    5a13     5a13        0     1                 .L0 
    5a5a     5a5a        0     1                 .L0 
    5a75     5a75        0     1                 .L0 
    5a90     5a90        0     1                 .L0 
    5aab     5aab        0     1                 .L0 
    5ac6     5ac6        0     1                 .L0 
    5ae1     5ae1        0     1                 .L0 
    5afc     5afc        0     1                 .L0 
    5b17     5b17        0     1                 .L0 
    5bdf     5bdf        0     1                 .L0 
    5bfa     5bfa        0     1                 .L0 
    5cd4     5cd4        0     1                 .L0 
       0        0      e88     1 .debug_ranges
       0        0       20     1         autotests\cla\bgtask_notinterrupt.o:(.debug_ranges)
       0        0        0     1                 .L0 
      20       20       60     1         autotests\cla\subcommon.o:(.debug_ranges)
      20       20        0     1                 .L0 
      80       80       78     1         autotests\common.o:(.debug_ranges)
      80       80        0     1                 .L0 
      98       98        0     1                 .L0 
      f8       f8       40     1         device\device.o:(.debug_ranges)
      f8       f8        0     1                 .L0 
     138      138       28     1         device\driverlib\adc.o:(.debug_ranges)
     138      138        0     1                 .L0 
     160      160       f0     1         device\driverlib\can.o:(.debug_ranges)
     160      160        0     1                 .L0 
     250      250       30     1         device\driverlib\clb.o:(.debug_ranges)
     250      250        0     1                 .L0 
     280      280       28     1         device\driverlib\cmpss.o:(.debug_ranges)
     280      280        0     1                 .L0 
     2a8      2a8       a0     1         device\driverlib\dcc.o:(.debug_ranges)
     2a8      2a8        0     1                 .L0 
     348      348       58     1         device\driverlib\dcsm.o:(.debug_ranges)
     348      348        0     1                 .L0 
     3a0      3a0       58     1         device\driverlib\dma.o:(.debug_ranges)
     3a0      3a0        0     1                 .L0 
     3f8      3f8       68     1         device\driverlib\epwm.o:(.debug_ranges)
     3f8      3f8        0     1                 .L0 
     460      460       18     1         device\driverlib\eqep.o:(.debug_ranges)
     460      460        0     1                 .L0 
     478      478       60     1         device\driverlib\erad.o:(.debug_ranges)
     478      478        0     1                 .L0 
     4d8      4d8       48     1         device\driverlib\flash.o:(.debug_ranges)
     4d8      4d8        0     1                 .L0 
     520      520       98     1         device\driverlib\fsi.o:(.debug_ranges)
     520      520        0     1                 .L0 
     5b8      5b8       70     1         device\driverlib\gpio.o:(.debug_ranges)
     5b8      5b8        0     1                 .L0 
     628      628       48     1         device\driverlib\i2c.o:(.debug_ranges)
     628      628        0     1                 .L0 
     670      670       30     1         device\driverlib\interrupt.o:(.debug_ranges)
     670      670        0     1                 .L0 
     6a0      6a0       58     1         device\driverlib\ipc.o:(.debug_ranges)
     6a0      6a0        0     1                 .L0 
     6f8      6f8      240     1         device\driverlib\mcbsp.o:(.debug_ranges)
     6f8      6f8        0     1                 .L0 
     938      938       90     1         device\driverlib\sci.o:(.debug_ranges)
     938      938        0     1                 .L0 
     9c8      9c8       98     1         device\driverlib\sdfm.o:(.debug_ranges)
     9c8      9c8        0     1                 .L0 
     a60      a60       b8     1         device\driverlib\spi.o:(.debug_ranges)
     a60      a60        0     1                 .L0 
     b18      b18       b0     1         device\driverlib\sysctl.o:(.debug_ranges)
     b18      b18        0     1                 .L0 
     bc8      bc8       48     1         device\driverlib\upp.o:(.debug_ranges)
     bc8      bc8        0     1                 .L0 
     c10      c10      200     1         device\driverlib\usb.o:(.debug_ranges)
     c10      c10        0     1                 .L0 
     e10      e10       30     1         device\driverlib\xbar.o:(.debug_ranges)
     e10      e10        0     1                 .L0 
     e40      e40       48     1         device\startup.o:(.debug_ranges)
     e40      e40        0     1                 .L0 
       0        0       5b     1 .comment
       0        0       5b     1         <internal>:(.comment)
       0        0     6dd0     4 .symtab
       0        0     6dd0     4         <internal>:(.symtab)
       0        0      8f2     1 .shstrtab
       0        0      8f2     1         <internal>:(.shstrtab)
       0        0     3b29     1 .strtab
       0        0     3b29     1         <internal>:(.strtab)
